../Core/Inc/lab4.h:45:6:updateTime	8	static
../Core/Inc/lab4.h:54:9:isButtonUp	4	static
../Core/Inc/lab4.h:61:9:isButtonE	4	static
../Core/Inc/lab4.h:68:9:isButtonB	4	static
../Core/Inc/lab4.h:75:9:isButtonDown	4	static
../Core/Src/lab4.c:19:13:blinkTimeUnit2Hz	32	static
../Core/Src/lab4.c:35:13:getCurrentTime	4	static
../Core/Src/lab4.c:46:6:displayTime	24	static
../Core/Src/lab4.c:57:6:displayTimeWithBlink	48	static
../Core/Src/lab4.c:70:13:getModeString	8	static
../Core/Src/lab4.c:83:6:setupLCD	24	static
../Core/Src/lab4.c:92:16:getMaxDaysInMonth	32	static
../Core/Src/lab4.c:110:6:timeSetting	32	static
../Core/Src/lab4.c:225:6:alarmSetting	16	static
../Core/Src/lab4.c:267:6:fsm_init	8	static
../Core/Src/lab4.c:274:6:fsm_clock	24	static
