make -j16 all 
arm-none-eabi-gcc "../Core/Src/button.c" -mcpu=cortex-m4 -std=gnu11 -g3 -DDEBUG -DUSE_HAL_DRIVER -DSTM32F407xx -c -I../Core/Inc -I../Drivers/STM32F4xx_HAL_Driver/Inc -I../Drivers/STM32F4xx_HAL_Driver/Inc/Legacy -I../Drivers/CMSIS/Device/ST/STM32F4xx/Include -I../Drivers/CMSIS/Include -O0 -ffunction-sections -fdata-sections -Wall -fstack-usage -fcyclomatic-complexity -MMD -MP -MF"Core/Src/button.d" -MT"Core/Src/button.o" --specs=nano.specs -mfpu=fpv4-sp-d16 -mfloat-abi=hard -mthumb -o "Core/Src/button.o"
arm-none-eabi-gcc "../Core/Src/lab4.c" -mcpu=cortex-m4 -std=gnu11 -g3 -DDEBUG -DUSE_HAL_DRIVER -DSTM32F407xx -c -I../Core/Inc -I../Drivers/STM32F4xx_HAL_Driver/Inc -I../Drivers/STM32F4xx_HAL_Driver/Inc/Legacy -I../Drivers/CMSIS/Device/ST/STM32F4xx/Include -I../Drivers/CMSIS/Include -O0 -ffunction-sections -fdata-sections -Wall -fstack-usage -fcyclomatic-complexity -MMD -MP -MF"Core/Src/lab4.d" -MT"Core/Src/lab4.o" --specs=nano.specs -mfpu=fpv4-sp-d16 -mfloat-abi=hard -mthumb -o "Core/Src/lab4.o"
In file included from ../Core/Inc/main.h:38,
                 from ../Core/Inc/spi.h:28,
                 from ../Core/Inc/button.h:11,
                 from ../Core/Src/button.c:7:
../Core/Inc/lcd.h:84:17: warning: inline function 'LCD_RD_DATA' declared but never defined
   84 | inline uint16_t LCD_RD_DATA(void);
      |                 ^~~~~~~~~~~
../Core/Inc/lcd.h:83:13: warning: inline function 'LCD_WR_DATA' declared but never defined
   83 | inline void LCD_WR_DATA(uint16_t data);
      |             ^~~~~~~~~~~
../Core/Src/lab4.c: In function 'getModeString':
../Core/Src/lab4.c:76:9: warning: implicit declaration of function 'sprintf' [-Wimplicit-function-declaration]
   76 |         sprintf(modeString, "Current mode: CLOCK");
      |         ^~~~~~~
../Core/Src/lab4.c:9:1: note: include '<stdio.h>' or provide a declaration of 'sprintf'
    8 | #include "lab4.h"
  +++ |+#include <stdio.h>
    9 | 
../Core/Src/lab4.c:76:9: warning: incompatible implicit declaration of built-in function 'sprintf' [-Wbuiltin-declaration-mismatch]
   76 |         sprintf(modeString, "Current mode: CLOCK");
      |         ^~~~~~~
../Core/Src/lab4.c:76:9: note: include '<stdio.h>' or provide a declaration of 'sprintf'
../Core/Src/lab4.c:78:9: warning: incompatible implicit declaration of built-in function 'sprintf' [-Wbuiltin-declaration-mismatch]
   78 |         sprintf(modeString, "Current mode: SET TIME");
      |         ^~~~~~~
../Core/Src/lab4.c:78:9: note: include '<stdio.h>' or provide a declaration of 'sprintf'
../Core/Src/lab4.c:80:9: warning: incompatible implicit declaration of built-in function 'sprintf' [-Wbuiltin-declaration-mismatch]
   80 |         sprintf(modeString, "Current mode: ALARM");
      |         ^~~~~~~
../Core/Src/lab4.c:80:9: note: include '<stdio.h>' or provide a declaration of 'sprintf'
../Core/Src/lab4.c: In function 'setupLCD':
../Core/Src/lab4.c:87:29: warning: pointer targets in passing argument 3 of 'lcd_StrCenter' differ in signedness [-Wpointer-sign]
   87 |         lcd_StrCenter(0, 2, "CLOCK", RED, BLUE, 16, 1);
      |                             ^~~~~~~
      |                             |
      |                             char *
In file included from ../Core/Inc/main.h:38,
                 from ../Core/Inc/lab4.h:10,
                 from ../Core/Src/lab4.c:8:
../Core/Inc/lcd.h:110:52: note: expected 'uint8_t *' {aka 'unsigned char *'} but argument is of type 'char *'
  110 | void lcd_StrCenter(uint16_t x, uint16_t y,uint8_t *str,uint16_t fc,uint16_t bc,uint8_t sizey,uint8_t mode);
      |                                           ~~~~~~~~~^~~
../Core/Src/lab4.c:88:31: warning: pointer targets in passing argument 3 of 'lcd_StrCenter' differ in signedness [-Wpointer-sign]
   88 |         lcd_StrCenter(20, 30, modeString, WHITE, RED, 16, 0);
      |                               ^~~~~~~~~~
      |                               |
      |                               char *
In file included from ../Core/Inc/main.h:38,
                 from ../Core/Inc/lab4.h:10,
                 from ../Core/Src/lab4.c:8:
../Core/Inc/lcd.h:110:52: note: expected 'uint8_t *' {aka 'unsigned char *'} but argument is of type 'char *'
  110 | void lcd_StrCenter(uint16_t x, uint16_t y,uint8_t *str,uint16_t fc,uint16_t bc,uint8_t sizey,uint8_t mode);
      |                                           ~~~~~~~~~^~~
../Core/Src/lab4.c: In function 'fsm_clock':
../Core/Src/lab4.c:306:39: warning: pointer targets in passing argument 3 of 'lcd_StrCenter' differ in signedness [-Wpointer-sign]
  306 |                 lcd_StrCenter(0, 170, "ALARM!!!", WHITE, RED, 24, 1);
      |                                       ^~~~~~~~~~
      |                                       |
      |                                       char *
In file included from ../Core/Inc/main.h:38,
                 from ../Core/Inc/lab4.h:10,
                 from ../Core/Src/lab4.c:8:
../Core/Inc/lcd.h:110:52: note: expected 'uint8_t *' {aka 'unsigned char *'} but argument is of type 'char *'
  110 | void lcd_StrCenter(uint16_t x, uint16_t y,uint8_t *str,uint16_t fc,uint16_t bc,uint8_t sizey,uint8_t mode);
      |                                           ~~~~~~~~~^~~
../Core/Src/lab4.c: At top level:
../Core/Inc/lcd.h:84:17: warning: inline function 'LCD_RD_DATA' declared but never defined
   84 | inline uint16_t LCD_RD_DATA(void);
      |                 ^~~~~~~~~~~
../Core/Inc/lcd.h:83:13: warning: inline function 'LCD_WR_DATA' declared but never defined
   83 | inline void LCD_WR_DATA(uint16_t data);
      |             ^~~~~~~~~~~
arm-none-eabi-gcc -o "Lab4.elf" @"objects.list"   -mcpu=cortex-m4 -T"D:\university\Senior\Embedded System\Labs\Lab4\STM32F407ZGTX_FLASH.ld" --specs=nosys.specs -Wl,-Map="Lab4.map" -Wl,--gc-sections -static --specs=nano.specs -mfpu=fpv4-sp-d16 -mfloat-abi=hard -mthumb -Wl,--start-group -lc -lm -Wl,--end-group
Finished building target: Lab4.elf
 
arm-none-eabi-size   Lab4.elf 
arm-none-eabi-objdump -h -S  Lab4.elf  > "Lab4.list"
   text	   data	    bss	    dec	    hex	filename
  39252	    124	   2388	  41764	   a324	Lab4.elf
Finished building: default.size.stdout
 
Finished building: Lab4.list
 

06:08:29 Build Finished. 0 errors, 11 warnings. (took 4s.637ms)

06:08:30 **** Incremental Build of configuration Debug for project Lab4 ****
make -j16 all 
arm-none-eabi-size   Lab4.elf 
   text	   data	    bss	    dec	    hex	filename
  39252	    124	   2388	  41764	   a324	Lab4.elf
Finished building: default.size.stdout
 
06:08:40 **** Incremental Build of configuration Debug for project Lab4 ****
make -j16 all 
arm-none-eabi-size   Lab4.elf 
   text	   data	    bss	    dec	    hex	filename
  39252	    124	   2388	  41764	   a324	Lab4.elf
Finished building: default.size.stdout
 
