12:19:46 **** Incremental Build of configuration Debug for project Lab1 ****
make -j16 all 
arm-none-eabi-gcc "../Core/Src/lab1.c" -mcpu=cortex-m4 -std=gnu11 -g3 -DDEBUG -DUSE_HAL_DRIVER -DSTM32F407xx -c -I../Core/Inc -I../Drivers/STM32F4xx_HAL_Driver/Inc -I../Drivers/STM32F4xx_HAL_Driver/Inc/Legacy -I../Drivers/CMSIS/Device/ST/STM32F4xx/Include -I../Drivers/CMSIS/Include -O0 -ffunction-sections -fdata-sections -Wall -fstack-usage -fcyclomatic-complexity -MMD -MP -MF"Core/Src/lab1.d" -MT"Core/Src/lab1.o" --specs=nano.specs -mfpu=fpv4-sp-d16 -mfloat-abi=hard -mthumb -o "Core/Src/lab1.o"
In file included from ../Core/Src/lab1.c:7:
../Core/Inc/lab1.h: In function 'system_init':
../Core/Inc/lab1.h:50:11: warning: implicit declaration of function 'led7_init' [-Wimplicit-function-declaration]
   50 |           led7_init();
      |           ^~~~~~~~~
../Core/Src/lab1.c: In function 'clearAllClock':
../Core/Src/lab1.c:195:9: warning: implicit declaration of function 'led7_SetDigit' [-Wimplicit-function-declaration]
  195 |         led7_SetDigit(0, i, 0);
      |         ^~~~~~~~~~~~~
../Core/Src/lab1.c: In function 'ex_4_chapter_2_handle':
../Core/Src/lab1.c:208:9: warning: implicit declaration of function 'led7_SetColon' [-Wimplicit-function-declaration]
  208 |         led7_SetColon(colon);
      |         ^~~~~~~~~~~~~
At top level:
../Core/Src/lab1.c:191:13: warning: 'clearAllClock' defined but not used [-Wunused-function]
  191 | static void clearAllClock()
      |             ^~~~~~~~~~~~~
arm-none-eabi-gcc -o "Lab1.elf" @"objects.list"   -mcpu=cortex-m4 -T"D:\university\Senior\Embedded System\Labs\Lab1\STM32F407ZGTX_FLASH.ld" --specs=nosys.specs -Wl,-Map="Lab1.map" -Wl,--gc-sections -static --specs=nano.specs -mfpu=fpv4-sp-d16 -mfloat-abi=hard -mthumb -Wl,--start-group -lc -lm -Wl,--end-group
Finished building target: Lab1.elf
 
arm-none-eabi-size   Lab1.elf 
arm-none-eabi-objdump -h -S  Lab1.elf  > "Lab1.list"
   text	   data	    bss	    dec	    hex	filename
  11332	     44	   1748	  13124	   3344	Lab1.elf
Finished building: default.size.stdout
 
Finished building: Lab1.list
 

12:19:47 Build Finished. 0 errors, 4 warnings. (took 917ms)

